Microchip MPLAB XC8 Compiler V2.32

Linker command line:

-W-3 --edf=E:\Program Files\Microchip\xc8\v2.32\pic\dat\en_msgs.txt -cn \
  -h+dist/default/production\Test.production.sym \
  --cmf=dist/default/production\Test.production.cmf -z -Q12F675 \
  -oC:\Users\Walter\AppData\Local\Temp\xcAs3es.4 --defsym=__MPLAB_BUILD=1 \
  -Mdist/default/production/Test.production.map -E1 -ver=XC8 Compiler \
  --acfsm=1493 -ASTACK=02Fh-05Dh -pstack=STACK -ACODE=00h-03FEh \
  -ASTRCODE=00h-03FEh -ASTRING=00h-0FFhx3,0300h-03FEh \
  -ACONST=00h-0FFhx3,0300h-03FEh -AENTRY=00h-0FFhx3,0300h-03FEh \
  -ABANK0=020h-05Dh -ARAM=020h-05Dh -AABS1=020h-05Fh -ACOMMON=05Eh-05Fh \
  -ASFR0=00h-01Fh -ASFR1=080h-0DDh -ACONFIG=02007h-02007h -DCONFIG=2 \
  -AIDLOC=02000h-02003h -DIDLOC=2 -AEEDATA=00h-07Fh/02100h \
  -peeprom_data=EEDATA -DEEDATA=2 -DCODE=2 -DSTRCODE=2 -DSTRING=2 -DCONST=2 \
  -DENTRY=2 -preset_vec=00h,intentry=04h,init,end_init -ppowerup=CODE \
  -pcinit=CODE -pfunctab=ENTRY -posccal=03FFh -k \
  C:\Users\Walter\AppData\Local\Temp\xcAs3es.o \
  dist/default/production\Test.production.o 

Object code version is 3.11

Machine type is 12F675



                Name                               Link     Load   Length Selector   Space Scale
C:\Users\Walter\AppData\Local\Temp\xcAs3es.o
                end_init                              D        D        1        8       0
                reset_vec                             0        0        1        0       0
                config                             2007     2007        1        0       4
dist/default/production\Test.production.o
                cinit                                 E        E        E        8       0
                intentry                              4        4        9        8       0
                config                             2007     2007        1        0       4
                text1                                1C       1C       F8        8       0
                maintext                            114      114       20        8       0
                cstackBANK0                          28       28        5       20       1
                dataBANK0                            2D       2D        2       20       1
                bssBANK0                             20       20        8       20       1
                idataBANK0                          134      134        2        8       0

TOTAL           Name                               Link     Load   Length     Space
        CLASS   STACK          

        CLASS   CODE           
                end_init                              D        D        1         0
                cinit                                 E        E        E         0
                intentry                              4        4        9         0
                reset_vec                             0        0        1         0
                text1                                1C       1C       F8         0
                maintext                            114      114       20         0
                idataBANK0                          134      134        2         0

        CLASS   STRCODE        

        CLASS   STRING         

        CLASS   CONST          

        CLASS   ENTRY          

        CLASS   BANK0          
                cstackBANK0                          28       28        5         1
                dataBANK0                            2D       2D        2         1
                bssBANK0                             20       20        8         1

        CLASS   RAM            

        CLASS   ABS1           
                abs_s1                               5E       5E        2         1

        CLASS   COMMON         

        CLASS   SFR0           

        CLASS   SFR1           

        CLASS   CONFIG         
                config                             2007     2007        1         4

        CLASS   IDLOC          

        CLASS   EEDATA         

        CLASS   BANK1          



SEGMENTS        Name                           Load    Length   Top    Selector   Space  Class     Delta

                reset_vec                      000000  000001  000001         0       0  CODE        2
                intentry                       000004  000132  000136         8       0  CODE        2
                bssBANK0                       000020  00000F  00002F        20       1  BANK0       1


UNUSED ADDRESS RANGES

        Name                Unused          Largest block    Delta
        BANK0            002F-005D             2F           1
        CODE             0001-0003              3           2
                         0136-03FE            2C9
        CONST            0001-0003              3           2
                         0136-03FE            100
        EEDATA           2100-217F             80           2
        ENTRY            0001-0003              3           2
                         0136-03FE            100
        IDLOC            2000-2003              4           2
        RAM              002F-005D             2F           1
        SFR0             0000-001F             20           1
        SFR1             0080-00DD             5E           1
        STACK            002F-005D             2F           1
        STRCODE          0001-0003              3           2
                         0136-03FE            2C9
        STRING           0001-0003              3           2
                         0136-03FE            100

                                  Symbol Table

_ANSEL                   (abs)        009F
_CMCON                   (abs)        0019
_GPIO                    (abs)        0005
_GPIO0                   (abs)        0028
_GPIO1                   (abs)        0029
_GPIObits                (abs)        0005
_INTCONbits              (abs)        000B
_IOCbits                 (abs)        0096
_ISR                     text1        001C
_MAX_TMR                 dataBANK0    002D
_OPTION_REGbits          (abs)        0081
_TMR0                    (abs)        0001
_TRISIObits              (abs)        0085
__Habs1                  abs1         07FE
__Hbank0                 bank0        07FE
__Hbank1                 bank1        07FE
__HbssBANK0              bssBANK0     07FE
__Hcinit                 cinit        001C
__Hclrtext               clrtext      07FE
__Hcode                  code         07FE
__Hcommon                common       07FE
__Hconfig                config       2008
__HcstackBANK0           cstackBANK0  07FE
__HcstackCOMMON          cstackCOMMON 07FE
__HdataBANK0             dataBANK0    07FE
__Heeprom_data           eeprom_data  0000
__Hend_init              end_init     000E
__Hfunctab               functab      0000
__HidataBANK0            idataBANK0   07FE
__Hinit                  init         000D
__Hintentry              intentry     000D
__Hmaintext              maintext     07FE
__Hosccal                osccal       03FF
__Hpowerup               powerup      0000
__Hram                   ram          07FE
__Hreset_vec             reset_vec    0001
__Hsfr0                  sfr0         07FE
__Hsfr1                  sfr1         07FE
__Hspace_0               (abs)        07FE
__Hspace_1               (abs)        07FE
__Hspace_2               (abs)        0000
__Hspace_3               (abs)        0000
__Hspace_4               (abs)        400F
__Hstack                 stack        0000
__Hstrings               strings      07FE
__Htext                  text         07FE
__Labs1                  abs1         07FE
__Lbank0                 bank0        07FE
__Lbank1                 bank1        07FE
__LbssBANK0              bssBANK0     07FE
__Lcinit                 cinit        000E
__Lclrtext               clrtext      07FE
__Lcode                  code         07FE
__Lcommon                common       07FE
__Lconfig                config       0000
__LcstackBANK0           cstackBANK0  07FE
__LcstackCOMMON          cstackCOMMON 07FE
__LdataBANK0             dataBANK0    07FE
__Leeprom_data           eeprom_data  0000
__Lend_init              end_init     000D
__Lfunctab               functab      0000
__LidataBANK0            idataBANK0   07FE
__Linit                  init         000D
__Lintentry              intentry     0004
__Lmaintext              maintext     07FE
__Losccal                osccal       03FF
__Lpowerup               powerup      0000
__Lram                   ram          07FE
__Lreset_vec             reset_vec    0000
__Lsfr0                  sfr0         07FE
__Lsfr1                  sfr1         07FE
__Lspace_0               (abs)        0000
__Lspace_1               (abs)        0000
__Lspace_2               (abs)        0000
__Lspace_3               (abs)        0000
__Lspace_4               (abs)        0000
__Lstack                 stack        0000
__Lstrings               strings      07FE
__Ltext                  text         07FE
__S0                     (abs)        0136
__S1                     (abs)        002F
__S2                     (abs)        0000
__S3                     (abs)        0000
___int_sp                stack        0000
___latbits               (abs)        0000
___osccal_val            osccal       03FF
___sp                    stack        0000
___stackhi               (abs)        0000
___stacklo               (abs)        0000
__end_of_ISR             text1        0114
__end_of__initialization cinit        001A
__end_of_main            maintext     0134
__initialization         cinit        000E
__pbssBANK0              bssBANK0     0020
__pcstackBANK0           cstackBANK0  0028
__pcstackCOMMON          cstackCOMMON 0000
__pdataBANK0             dataBANK0    002D
__pidataBANK0            idataBANK0   0134
__pintentry              intentry     0004
__pmaintext              maintext     0114
__ptext1                 text1        001C
__size_of_ISR            (abs)        0000
__size_of_main           (abs)        0000
_activado                bssBANK0     0026
_cantBaja                bssBANK0     0020
_cantSube                bssBANK0     0022
_cont_tmr                bssBANK0     0024
_main                    maintext     0114
btemp                    (abs)        005E
end_of_initialization    cinit        001A
interrupt_function       intentry     0004
intlevel0                functab      0000
intlevel1                functab      0000
intlevel2                functab      0000
intlevel3                functab      0000
intlevel4                functab      0000
intlevel5                functab      0000
reset_vec                reset_vec    0000
saved_w                  (abs)        005E
start                    init         000D
start_initialization     cinit        000E
wtemp0                   (abs)        005E


MODULE INFORMATION

Module		Function		Class		Link	Load	Size
shared
		__initialization		CODE           	000E	0000	12

shared estimated size: 12

main.c
		_ISR           		CODE           	001C	0000	248
		_main          		CODE           	0114	0000	32

main.c estimated size: 280

